[PERSISTENT-JULIA-WORKER] nthreads=20 blas_threads=1 linear_solver=mumps kkt_system=default callback=default thread_schedule=dynamic
Loading JAX Planner from JustWorkingOnIt.py...
=============================================
Task 0 selected. ADMM Iterations: 3
=============================================
Load Eccentricity (rg): [ 0.00197259 -0.01148715  0.        ]
Loading NN from: trained_data_multiagent_meta_COM_Dyn/trained_nn_l_4_3_n.pt
Weights generated successfully.
rho_lx (px): 237.9048, rho_lu (pu): 458.2339
>> Starting ORIGINAL (CasADi) ADMM Forward Calculation...
iteration: 1 ratio= [[0.96119776]] Qu_2= 1974.6500672015914
iteration: 2 ratio= [[0.66862538]] Qu_2= 526.6162352454355
iteration: 3 ratio= [[2.33944806e-08]] Qu_2= 0.35518304028592873
iteration: 4 ratio= [[1.50187962e-12]] Qu_2= 0.002837495014538249
ADMM_iteration= 1 subprblem1_load:--- 188.09 ms ---
iteration: 1 ratio= [[0.99248441]] Qu_2= 5.328664134896471
iteration: 2 ratio= [[0.97293717]] Qu_2= 5.0156980873840595
iteration: 3 ratio= [[3.61154722e-06]] Qu_2= 0.0014661698721386584
iteration: 1 ratio= [[0.99248441]] Qu_2= 5.328664134896471
iteration: 2 ratio= [[0.97293717]] Qu_2= 5.0156980873840595
iteration: 3 ratio= [[3.61154722e-06]] Qu_2= 0.0014661698721386584
iteration: 1 ratio= [[0.99248441]] Qu_2= 5.328664134896471
iteration: 2 ratio= [[0.97293717]] Qu_2= 5.0156980873840595
iteration: 3 ratio= [[3.61154722e-06]] Qu_2= 0.0014661698721386584
iteration: 1 ratio= [[0.99248441]] Qu_2= 5.328664134896471
iteration: 2 ratio= [[0.97293717]] Qu_2= 5.0156980873840595
iteration: 3 ratio= [[3.61154722e-06]] Qu_2= 0.0014661698721386584
ADMM_iteration= 1 subproblem1_cables:--- 534.93 ms --- current_plx= 12.636757749202138 current_plu= 48.31660568258256 current_pix= 0.18893488373754494 current_piu= 0.0010001938398128192

******************************************************************************
This program contains Ipopt, a library for large-scale nonlinear optimization.
 Ipopt is released as open source code under the Eclipse Public License (EPL).
         For more information visit https://github.com/coin-or/Ipopt
******************************************************************************

subproblem2:--- 2111.26 ms ---
iteration: 1 ratio= [[0.95372221]] Qu_2= 3014.272821929349
iteration: 2 ratio= [[0.9991386]] Qu_2= 645.2418067363737
iteration: 3 ratio= [[1.01546009e-09]] Qu_2= 0.00612564298268703
ADMM_iteration= 2 subprblem1_load:--- 141.53 ms ---
iteration: 1 ratio= [[0.99263271]] Qu_2= 5.950688819332163
iteration: 2 ratio= [[0.99226437]] Qu_2= 5.9365731497332375
iteration: 3 ratio= [[6.33137033e-06]] Qu_2= 0.0012068749834256295
iteration: 1 ratio= [[0.99262949]] Qu_2= 5.949359958525991
iteration: 2 ratio= [[0.99217597]] Qu_2= 5.9365735371513715
iteration: 3 ratio= [[6.25931896e-06]] Qu_2= 0.00120687519975868
iteration: 1 ratio= [[0.99263967]] Qu_2= 5.950354533779043
iteration: 2 ratio= [[0.99332257]] Qu_2= 5.936573091712832
iteration: 3 ratio= [[7.34249352e-06]] Qu_2= 0.0012068749131679784
iteration: 1 ratio= [[0.99262139]] Qu_2= 5.951687121413752
iteration: 2 ratio= [[0.99047452]] Qu_2= 5.936572823606953
iteration: 3 ratio= [[5.13235885e-06]] Qu_2= 0.0012068748718186374
ADMM_iteration= 2 subproblem1_cables:--- 534.53 ms --- current_plx= 118.95291695189476 current_plu= 229.1174640223831 current_pix= 1.979586544754682 current_piu= 0.0010015943947982936
subproblem2:--- 957.29 ms ---
iteration: 1 ratio= [[0.93976197]] Qu_2= 3861.721450508247
iteration: 2 ratio= [[0.99950533]] Qu_2= 930.9460268823855
iteration: 3 ratio= [[3.18682323e-09]] Qu_2= 0.012697943388041144
iteration: 4 ratio= [[5.19006691e-15]] Qu_2= 2.0472213568586325e-05
ADMM_iteration= 3 subprblem1_load:--- 188.61 ms ---
iteration: 1 ratio= [[0.99248836]] Qu_2= 6.714948614528126
iteration: 2 ratio= [[0.97292666]] Qu_2= 6.7068644574452465
iteration: 3 ratio= [[1.0627727e-06]] Qu_2= 0.0010501448364248407
iteration: 1 ratio= [[0.99245986]] Qu_2= 6.708253019946242
iteration: 2 ratio= [[0.97013845]] Qu_2= 6.706866227498493
iteration: 3 ratio= [[9.60942106e-07]] Qu_2= 0.0010501484242026746
iteration: 1 ratio= [[0.99249742]] Qu_2= 6.711338748615861
iteration: 2 ratio= [[0.9743837]] Qu_2= 6.706863883864102
iteration: 3 ratio= [[1.12488261e-06]] Qu_2= 0.001050143601862775
iteration: 1 ratio= [[0.99242362]] Qu_2= 6.7181554717672425
iteration: 2 ratio= [[0.96390275]] Qu_2= 6.706862836396764
iteration: 3 ratio= [[7.89573491e-07]] Qu_2= 0.001050143380026481
ADMM_iteration= 3 subproblem1_cables:--- 537.33 ms --- current_plx= 225.2690761545874 current_plu= 409.91832236218363 current_pix= 3.7702382057718196 current_piu= 0.0010029949497837682
subproblem2:--- 852.10 ms ---
>>> ORIGINAL Calculation Finished in 6060.17 ms
>> Starting JAX ADMM Forward Calculation...
>>> JAX Calculation Finished in 21507.88 ms
[DIFF] load_state_xl: max_abs=2.691199e-03, rmse=2.032169e-04
[DIFF] load_control_ul: max_abs=1.317809e-03, rmse=1.542692e-04
[DIFF] cable_state_xc: max_abs=6.985567e-03, rmse=4.944731e-04
[SUBP2] summary:
[SUBP2] admm_iter=0 | modes=main:101 | iter_mean=n/a | iter_p90=n/a | iter_max=n/a | max_eq=nan | max_raw_ineq=nan | batch_build_ms_total=0.000 | batch_solve_ms_total=252360.515 | batch_total_ms=12845.218 | bridge_prepare_ms=0.001 | bridge_payload_ms=1.361 | bridge_request_ms=17187.071 | bridge_rebuild_ms=143.482 | max_tail_mu=nan | max_tail_ineq=nan | max_tail_comp=nan | max_tail_dual=nan
[SUBP2] admm_iter=1 | modes=main:101 | iter_mean=n/a | iter_p90=n/a | iter_max=n/a | max_eq=nan | max_raw_ineq=nan | batch_build_ms_total=0.000 | batch_solve_ms_total=6049.918 | batch_total_ms=407.137 | bridge_prepare_ms=0.001 | bridge_payload_ms=0.897 | bridge_request_ms=422.729 | bridge_rebuild_ms=1.381 | max_tail_mu=nan | max_tail_ineq=nan | max_tail_comp=nan | max_tail_dual=nan
[SUBP2] admm_iter=2 | modes=main:101 | iter_mean=n/a | iter_p90=n/a | iter_max=n/a | max_eq=nan | max_raw_ineq=nan | batch_build_ms_total=0.000 | batch_solve_ms_total=4237.972 | batch_total_ms=309.188 | bridge_prepare_ms=0.001 | bridge_payload_ms=1.137 | bridge_request_ms=322.797 | bridge_rebuild_ms=1.339 | max_tail_mu=nan | max_tail_ineq=nan | max_tail_comp=nan | max_tail_dual=nan
Plot saved to verify_compare_load_task_0.png
Plot saved to verify_compare_tension_task_0.png
[PERSISTENT-JULIA-FULLFLOW] repeat=1 total_ms=28434.990
[PERSISTENT-JULIA-SUBP2-PREPARE] repeat=1 total_ms=0.000
[PERSISTENT-JULIA-SUBP2-BUILD] repeat=1 total_ms=0.000
[PERSISTENT-JULIA-SUBP2-SOLVE] repeat=1 total_ms=262648.404
[PERSISTENT-JULIA-SUBP2-ONLY] repeat=1 total_ms=13561.543
[PERSISTENT-JULIA-BRIDGE-PREPARE] repeat=1 total_ms=0.004
[PERSISTENT-JULIA-BRIDGE-PAYLOAD] repeat=1 total_ms=3.396
[PERSISTENT-JULIA-BRIDGE-WORKER-PREPARE] repeat=1 total_ms=0.000
[PERSISTENT-JULIA-BRIDGE-REQUEST] repeat=1 total_ms=17932.598
[PERSISTENT-JULIA-BRIDGE-REBUILD] repeat=1 total_ms=146.202
{'task_idx': 0, 'horizon': 100, 'admm_iters': 3, 'jax_profile': {'init_ms': 239.2275333404541, 'total_ms': 21507.749557495117, 'iters': [{'admm_iter': 0, 'subp1_ms': 2536.3712310791016, 'subp2_ms': 17608.139991760254, 'subp3_ms': 272.2208499908447, 'iter_total_ms': 20416.73707962036}, {'admm_iter': 1, 'subp1_ms': 47.55210876464844, 'subp2_ms': 428.1940460205078, 'subp3_ms': 1.194000244140625, 'iter_total_ms': 476.9446849822998}, {'admm_iter': 2, 'subp1_ms': 44.91472244262695, 'subp2_ms': 328.29952239990234, 'subp3_ms': 1.6150474548339844, 'iter_total_ms': 374.8335838317871}]}, 'diff': {'load_state_xl': {'max_abs': 0.0026911991094673003, 'rmse': 0.00020321686637284173}, 'load_control_ul': {'max_abs': 0.0013178093788559497, 'rmse': 0.00015426919522519434}, 'cable_state_xc': {'max_abs': 0.006985566880275669, 'rmse': 0.0004944730933518652}}, 'subp2_summary': [{'admm_iter': 0, 'mode_counts': {'main': 101}, 'iter_mean': nan, 'iter_p50': nan, 'iter_p90': nan, 'iter_max': -1, 'max_eq': nan, 'max_raw_ineq': nan, 'max_tail_mu': nan, 'max_tail_ineq': nan, 'max_tail_comp': nan, 'max_tail_dual': nan, 'batch_total_ms': 12845.217992, 'batch_build_ms_total': 0.0, 'batch_solve_ms_total': 252360.51457100004, 'bridge_prepare_ms': 0.0014510005712509155, 'bridge_payload_ms': 1.3614159979624674, 'bridge_request_ms': 17187.071245003608, 'bridge_rebuild_ms': 143.48195400089025}, {'admm_iter': 1, 'mode_counts': {'main': 101}, 'iter_mean': nan, 'iter_p50': nan, 'iter_p90': nan, 'iter_max': -1, 'max_eq': nan, 'max_raw_ineq': nan, 'max_tail_mu': nan, 'max_tail_ineq': nan, 'max_tail_comp': nan, 'max_tail_dual': nan, 'batch_total_ms': 407.13724, 'batch_build_ms_total': 0.0, 'batch_solve_ms_total': 6049.917598000001, 'bridge_prepare_ms': 0.0011790107237175107, 'bridge_payload_ms': 0.8971709903562441, 'bridge_request_ms': 422.7294419979444, 'bridge_rebuild_ms': 1.3805149937979877}, {'admm_iter': 2, 'mode_counts': {'main': 101}, 'iter_mean': nan, 'iter_p50': nan, 'iter_p90': nan, 'iter_max': -1, 'max_eq': nan, 'max_raw_ineq': nan, 'max_tail_mu': nan, 'max_tail_ineq': nan, 'max_tail_comp': nan, 'max_tail_dual': nan, 'batch_total_ms': 309.187629, 'batch_build_ms_total': 0.0, 'batch_solve_ms_total': 4237.972094, 'bridge_prepare_ms': 0.0014099932741373777, 'bridge_payload_ms': 1.137375002144836, 'bridge_request_ms': 322.7968349965522, 'bridge_rebuild_ms': 1.339258989901282}], 'subp2_acceptance': {'soft_mu_tol': 1e-08, 'soft_comp_tol': 1e-08, 'soft_dual_tol': 5e-05, 'soft_eq_tol': 0.0001, 'soft_raw_ineq_tol': 0.2, 'soft_trace_ineq_tol': 0.005}, 'plots': ['verify_compare_load_task_0.png', 'verify_compare_tension_task_0.png']}
Loading JAX Planner from JustWorkingOnIt.py...
=============================================
Task 0 selected. ADMM Iterations: 3
=============================================
Load Eccentricity (rg): [ 0.00197259 -0.01148715  0.        ]
Loading NN from: trained_data_multiagent_meta_COM_Dyn/trained_nn_l_4_3_n.pt
Weights generated successfully.
rho_lx (px): 237.9048, rho_lu (pu): 458.2339
>> Starting ORIGINAL (CasADi) ADMM Forward Calculation...
iteration: 1 ratio= [[0.96119776]] Qu_2= 1974.6500672015914
iteration: 2 ratio= [[0.66862538]] Qu_2= 526.6162352454355
iteration: 3 ratio= [[2.33944806e-08]] Qu_2= 0.35518304028592873
iteration: 4 ratio= [[1.50187962e-12]] Qu_2= 0.002837495014538249
ADMM_iteration= 1 subprblem1_load:--- 187.81 ms ---
iteration: 1 ratio= [[0.99248441]] Qu_2= 5.328664134896471
iteration: 2 ratio= [[0.97293717]] Qu_2= 5.0156980873840595
iteration: 3 ratio= [[3.61154722e-06]] Qu_2= 0.0014661698721386584
iteration: 1 ratio= [[0.99248441]] Qu_2= 5.328664134896471
iteration: 2 ratio= [[0.97293717]] Qu_2= 5.0156980873840595
iteration: 3 ratio= [[3.61154722e-06]] Qu_2= 0.0014661698721386584
iteration: 1 ratio= [[0.99248441]] Qu_2= 5.328664134896471
iteration: 2 ratio= [[0.97293717]] Qu_2= 5.0156980873840595
iteration: 3 ratio= [[3.61154722e-06]] Qu_2= 0.0014661698721386584
iteration: 1 ratio= [[0.99248441]] Qu_2= 5.328664134896471
iteration: 2 ratio= [[0.97293717]] Qu_2= 5.0156980873840595
iteration: 3 ratio= [[3.61154722e-06]] Qu_2= 0.0014661698721386584
ADMM_iteration= 1 subproblem1_cables:--- 534.10 ms --- current_plx= 12.636757749202138 current_plu= 48.31660568258256 current_pix= 0.18893488373754494 current_piu= 0.0010001938398128192
subproblem2:--- 1974.11 ms ---
iteration: 1 ratio= [[0.95372221]] Qu_2= 3014.272821929349
iteration: 2 ratio= [[0.9991386]] Qu_2= 645.2418067363737
iteration: 3 ratio= [[1.01546009e-09]] Qu_2= 0.00612564298268703
ADMM_iteration= 2 subprblem1_load:--- 142.29 ms ---
iteration: 1 ratio= [[0.99263271]] Qu_2= 5.950688819332163
iteration: 2 ratio= [[0.99226437]] Qu_2= 5.9365731497332375
iteration: 3 ratio= [[6.33137033e-06]] Qu_2= 0.0012068749834256295
iteration: 1 ratio= [[0.99262949]] Qu_2= 5.949359958525991
iteration: 2 ratio= [[0.99217597]] Qu_2= 5.9365735371513715
iteration: 3 ratio= [[6.25931896e-06]] Qu_2= 0.00120687519975868
iteration: 1 ratio= [[0.99263967]] Qu_2= 5.950354533779043
iteration: 2 ratio= [[0.99332257]] Qu_2= 5.936573091712832
iteration: 3 ratio= [[7.34249352e-06]] Qu_2= 0.0012068749131679784
iteration: 1 ratio= [[0.99262139]] Qu_2= 5.951687121413752
iteration: 2 ratio= [[0.99047452]] Qu_2= 5.936572823606953
iteration: 3 ratio= [[5.13235885e-06]] Qu_2= 0.0012068748718186374
ADMM_iteration= 2 subproblem1_cables:--- 534.91 ms --- current_plx= 118.95291695189476 current_plu= 229.1174640223831 current_pix= 1.979586544754682 current_piu= 0.0010015943947982936
subproblem2:--- 906.61 ms ---
iteration: 1 ratio= [[0.93976197]] Qu_2= 3861.721450508247
iteration: 2 ratio= [[0.99950533]] Qu_2= 930.9460268823855
iteration: 3 ratio= [[3.18682323e-09]] Qu_2= 0.012697943388041144
iteration: 4 ratio= [[5.19006691e-15]] Qu_2= 2.0472213568586325e-05
ADMM_iteration= 3 subprblem1_load:--- 190.38 ms ---
iteration: 1 ratio= [[0.99248836]] Qu_2= 6.714948614528126
iteration: 2 ratio= [[0.97292666]] Qu_2= 6.7068644574452465
iteration: 3 ratio= [[1.0627727e-06]] Qu_2= 0.0010501448364248407
iteration: 1 ratio= [[0.99245986]] Qu_2= 6.708253019946242
iteration: 2 ratio= [[0.97013845]] Qu_2= 6.706866227498493
iteration: 3 ratio= [[9.60942106e-07]] Qu_2= 0.0010501484242026746
iteration: 1 ratio= [[0.99249742]] Qu_2= 6.711338748615861
iteration: 2 ratio= [[0.9743837]] Qu_2= 6.706863883864102
iteration: 3 ratio= [[1.12488261e-06]] Qu_2= 0.001050143601862775
iteration: 1 ratio= [[0.99242362]] Qu_2= 6.7181554717672425
iteration: 2 ratio= [[0.96390275]] Qu_2= 6.706862836396764
iteration: 3 ratio= [[7.89573491e-07]] Qu_2= 0.001050143380026481
ADMM_iteration= 3 subproblem1_cables:--- 535.26 ms --- current_plx= 225.2690761545874 current_plu= 409.91832236218363 current_pix= 3.7702382057718196 current_piu= 0.0010029949497837682
subproblem2:--- 803.92 ms ---
>>> ORIGINAL Calculation Finished in 5823.19 ms
>> Starting JAX ADMM Forward Calculation...
>>> JAX Calculation Finished in 1229.79 ms
[DIFF] load_state_xl: max_abs=2.691199e-03, rmse=2.032169e-04
[DIFF] load_control_ul: max_abs=1.317809e-03, rmse=1.542692e-04
[DIFF] cable_state_xc: max_abs=6.985567e-03, rmse=4.944731e-04
[SUBP2] summary:
[SUBP2] admm_iter=0 | modes=main:101 | iter_mean=n/a | iter_p90=n/a | iter_max=n/a | max_eq=nan | max_raw_ineq=nan | batch_build_ms_total=0.000 | batch_solve_ms_total=6327.617 | batch_total_ms=427.470 | bridge_prepare_ms=0.001 | bridge_payload_ms=0.837 | bridge_request_ms=436.916 | bridge_rebuild_ms=1.302 | max_tail_mu=nan | max_tail_ineq=nan | max_tail_comp=nan | max_tail_dual=nan
[SUBP2] admm_iter=1 | modes=main:101 | iter_mean=n/a | iter_p90=n/a | iter_max=n/a | max_eq=nan | max_raw_ineq=nan | batch_build_ms_total=0.000 | batch_solve_ms_total=5018.070 | batch_total_ms=313.126 | bridge_prepare_ms=0.001 | bridge_payload_ms=1.285 | bridge_request_ms=326.403 | bridge_rebuild_ms=1.324 | max_tail_mu=nan | max_tail_ineq=nan | max_tail_comp=nan | max_tail_dual=nan
[SUBP2] admm_iter=2 | modes=main:101 | iter_mean=n/a | iter_p90=n/a | iter_max=n/a | max_eq=nan | max_raw_ineq=nan | batch_build_ms_total=0.000 | batch_solve_ms_total=4856.153 | batch_total_ms=297.530 | bridge_prepare_ms=0.001 | bridge_payload_ms=0.823 | bridge_request_ms=309.955 | bridge_rebuild_ms=1.292 | max_tail_mu=nan | max_tail_ineq=nan | max_tail_comp=nan | max_tail_dual=nan
Plot saved to verify_compare_load_task_0.png
Plot saved to verify_compare_tension_task_0.png
[PERSISTENT-JULIA-FULLFLOW] repeat=2 total_ms=7419.254
[PERSISTENT-JULIA-SUBP2-PREPARE] repeat=2 total_ms=0.000
[PERSISTENT-JULIA-SUBP2-BUILD] repeat=2 total_ms=0.000
[PERSISTENT-JULIA-SUBP2-SOLVE] repeat=2 total_ms=16201.840
[PERSISTENT-JULIA-SUBP2-ONLY] repeat=2 total_ms=1038.127
[PERSISTENT-JULIA-BRIDGE-PREPARE] repeat=2 total_ms=0.003
[PERSISTENT-JULIA-BRIDGE-PAYLOAD] repeat=2 total_ms=2.945
[PERSISTENT-JULIA-BRIDGE-WORKER-PREPARE] repeat=2 total_ms=0.000
[PERSISTENT-JULIA-BRIDGE-REQUEST] repeat=2 total_ms=1073.274
[PERSISTENT-JULIA-BRIDGE-REBUILD] repeat=2 total_ms=3.918
{'task_idx': 0, 'horizon': 100, 'admm_iters': 3, 'jax_profile': {'init_ms': 0.7264614105224609, 'total_ms': 1229.6876907348633, 'iters': [{'admm_iter': 0, 'subp1_ms': 46.19646072387695, 'subp2_ms': 441.84041023254395, 'subp3_ms': 1.199960708618164, 'iter_total_ms': 489.2411231994629}, {'admm_iter': 1, 'subp1_ms': 43.89142990112305, 'subp2_ms': 331.99334144592285, 'subp3_ms': 0.4341602325439453, 'iter_total_ms': 376.32298469543457}, {'admm_iter': 2, 'subp1_ms': 47.65748977661133, 'subp2_ms': 315.3707981109619, 'subp3_ms': 0.35452842712402344, 'iter_total_ms': 363.3871078491211}]}, 'diff': {'load_state_xl': {'max_abs': 0.0026911991062328815, 'rmse': 0.00020321686764015502}, 'load_control_ul': {'max_abs': 0.0013178093543071423, 'rmse': 0.00015426919477242904}, 'cable_state_xc': {'max_abs': 0.006985566867543474, 'rmse': 0.0004944730943844413}}, 'subp2_summary': [{'admm_iter': 0, 'mode_counts': {'main': 101}, 'iter_mean': nan, 'iter_p50': nan, 'iter_p90': nan, 'iter_max': -1, 'max_eq': nan, 'max_raw_ineq': nan, 'max_tail_mu': nan, 'max_tail_ineq': nan, 'max_tail_comp': nan, 'max_tail_dual': nan, 'batch_total_ms': 427.470122, 'batch_build_ms_total': 0.0, 'batch_solve_ms_total': 6327.617311, 'bridge_prepare_ms': 0.0012509990483522415, 'bridge_payload_ms': 0.8372529991902411, 'bridge_request_ms': 436.9163869996555, 'bridge_rebuild_ms': 1.3023580104345456}, {'admm_iter': 1, 'mode_counts': {'main': 101}, 'iter_mean': nan, 'iter_p50': nan, 'iter_p90': nan, 'iter_max': -1, 'max_eq': nan, 'max_raw_ineq': nan, 'max_tail_mu': nan, 'max_tail_ineq': nan, 'max_tail_comp': nan, 'max_tail_dual': nan, 'batch_total_ms': 313.126054, 'batch_build_ms_total': 0.0, 'batch_solve_ms_total': 5018.069646, 'bridge_prepare_ms': 0.0010359945008531213, 'bridge_payload_ms': 1.2851389910792932, 'bridge_request_ms': 326.4030179998372, 'bridge_rebuild_ms': 1.3235320075182244}, {'admm_iter': 2, 'mode_counts': {'main': 101}, 'iter_mean': nan, 'iter_p50': nan, 'iter_p90': nan, 'iter_max': -1, 'max_eq': nan, 'max_raw_ineq': nan, 'max_tail_mu': nan, 'max_tail_ineq': nan, 'max_tail_comp': nan, 'max_tail_dual': nan, 'batch_total_ms': 297.530471, 'batch_build_ms_total': 0.0, 'batch_solve_ms_total': 4856.153254, 'bridge_prepare_ms': 0.0009630020940676332, 'bridge_payload_ms': 0.8227070065913722, 'bridge_request_ms': 309.95469400659204, 'bridge_rebuild_ms': 1.2924369948450476}], 'subp2_acceptance': {'soft_mu_tol': 1e-08, 'soft_comp_tol': 1e-08, 'soft_dual_tol': 5e-05, 'soft_eq_tol': 0.0001, 'soft_raw_ineq_tol': 0.2, 'soft_trace_ineq_tol': 0.005}, 'plots': ['verify_compare_load_task_0.png', 'verify_compare_tension_task_0.png']}
